[stderr] INFO:     Started server process [82140]
[stderr] INFO:     Waiting for application startup.
[stderr] INFO:     Application startup complete.
[stderr] INFO:     Uvicorn running on http://127.0.0.1:8766 (Press CTRL+C to quit)
INFO:     127.0.0.1:52985 - "GET /health HTTP/1.1" 200 OK
[stderr] INFO:     ('127.0.0.1', 52986) - "WebSocket /ws" [accepted]
[stderr] 2026-09-30 20:57:05 INFO     [codeboarding_pro.ws.server:258] WebSocket connected: session 527f7480-c8f7-4330-8d3d-99fe41d40641
[stderr] INFO:     connection open
[stderr] 2026-09-30 20:57:06 INFO     [tool_registry.manifest:309] has_required_tools: csharp unavailable (dotnet missing); skipping check
[stderr] 2026-09-30 20:57:06 INFO     [codeboarding_pro.lsp.bootstrap:56] LSP startup attempt 1/3
[stderr] 2026-09-30 20:57:06 INFO     [codeboarding_pro.session:183] Session 527f7480-c8f7-4330-8d3d-99fe41d40641 initialized: repo=D:\Sources\watari, project=watari, output=D:\Sources\watari\.codeboarding
[stderr] 2026-09-30 20:57:07 WARNING  [static_analyzer.scanner:123] No total code count found in Tokei output
[stderr] 2026-09-30 20:57:07 INFO     [static_analyzer:337] No supported languages detected in D:\Sources\watari; no LSP clients to start.
[stderr] 2026-09-30 20:57:07 INFO     [codeboarding_pro.file_monitor:106] FileMonitor started for D:\Sources\watari
[stderr] 2026-09-30 20:57:07 INFO     [codeboarding_pro.session:202] Session 527f7480-c8f7-4330-8d3d-99fe41d40641: FileMonitor activated
[stderr] 2026-09-30 20:57:07 INFO     [codeboarding_pro.session:243] Session 527f7480-c8f7-4330-8d3d-99fe41d40641: LSP wiring complete
[stderr] 2026-09-30 20:57:07 INFO     [codeboarding_pro.lsp.bootstrap:67] LSP clients started successfully (attempt 1)
[stderr] 2026-09-30 20:58:52 INFO     [watchfiles.main:308] 1 change detected
[stderr] 2026-09-30 20:58:52 WARNING  [codeboarding_pro.analysis_controller:427] Skipping incremental update: full analysis artifacts not ready yet
[stderr] 2026-09-30 20:58:52 INFO     [codeboarding_pro.analysis_controller:259] No cached analysis results; skipping health report
[stderr] 2026-09-30 20:59:00 INFO     [watchfiles.main:308] 1 change detected
[stderr] 2026-09-30 20:59:01 WARNING  [codeboarding_pro.analysis_controller:427] Skipping incremental update: full analysis artifacts not ready yet
[stderr] 2026-09-30 20:59:01 INFO     [codeboarding_pro.analysis_controller:259] No cached analysis results; skipping health report
[stderr] 2026-09-30 20:59:08 INFO     [watchfiles.main:308] 1 change detected
[stderr] 2026-09-30 20:59:08 WARNING  [codeboarding_pro.analysis_controller:427] Skipping incremental update: full analysis artifacts not ready yet
[stderr] 2026-09-30 20:59:08 INFO     [codeboarding_pro.analysis_controller:259] No cached analysis results; skipping health report
[stderr] 2026-09-30 20:59:15 INFO     [watchfiles.main:308] 1 change detected
[stderr] 2026-09-30 20:59:15 WARNING  [codeboarding_pro.analysis_controller:427] Skipping incremental update: full analysis artifacts not ready yet
[stderr] 2026-09-30 20:59:15 INFO     [codeboarding_pro.analysis_controller:259] No cached analysis results; skipping health report
[stderr] 2026-09-30 20:59:23 INFO     [watchfiles.main:308] 1 change detected
[stderr] 2026-09-30 20:59:23 WARNING  [codeboarding_pro.analysis_controller:427] Skipping incremental update: full analysis artifacts not ready yet
[stderr] 2026-09-30 20:59:23 INFO     [codeboarding_pro.analysis_controller:259] No cached analysis results; skipping health report
[stderr] 2026-09-30 20:59:28 INFO     [watchfiles.main:308] 1 change detected
[stderr] 2026-09-30 20:59:28 WARNING  [codeboarding_pro.analysis_controller:427] Skipping incremental update: full analysis artifacts not ready yet
[stderr] 2026-09-30 20:59:28 INFO     [codeboarding_pro.analysis_controller:259] No cached analysis results; skipping health report
[stderr] 2026-09-30 20:59:33 INFO     [watchfiles.main:308] 1 change detected
[stderr] 2026-09-30 20:59:34 WARNING  [codeboarding_pro.analysis_controller:427] Skipping incremental update: full analysis artifacts not ready yet
[stderr] 2026-09-30 20:59:34 INFO     [codeboarding_pro.analysis_controller:259] No cached analysis results; skipping health report
[stderr] 2026-09-30 20:59:38 INFO     [watchfiles.main:308] 1 change detected
[stderr] 2026-09-30 20:59:39 WARNING  [codeboarding_pro.analysis_controller:427] Skipping incremental update: full analysis artifacts not ready yet
[stderr] 2026-09-30 20:59:39 INFO     [codeboarding_pro.analysis_controller:259] No cached analysis results; skipping health report
[stderr] 2026-09-30 20:59:44 INFO     [watchfiles.main:308] 1 change detected
[stderr] 2026-09-30 20:59:44 WARNING  [codeboarding_pro.analysis_controller:427] Skipping incremental update: full analysis artifacts not ready yet
[stderr] 2026-09-30 20:59:44 INFO     [codeboarding_pro.analysis_controller:259] No cached analysis results; skipping health report
[stderr] 2026-09-30 20:59:53 INFO     [watchfiles.main:308] 1 change detected
[stderr] 2026-09-30 20:59:54 WARNING  [codeboarding_pro.analysis_controller:427] Skipping incremental update: full analysis artifacts not ready yet
[stderr] 2026-09-30 20:59:54 INFO     [codeboarding_pro.analysis_controller:259] No cached analysis results; skipping health report
[stderr] 2026-09-30 20:59:58 INFO     [watchfiles.main:308] 1 change detected
[stderr] 2026-09-30 20:59:59 WARNING  [codeboarding_pro.analysis_controller:427] Skipping incremental update: full analysis artifacts not ready yet
[stderr] 2026-09-30 20:59:59 INFO     [codeboarding_pro.analysis_controller:259] No cached analysis results; skipping health report
[stderr] 2026-09-30 21:00:15 INFO     [watchfiles.main:308] 1 change detected
[stderr] 2026-09-30 21:00:15 WARNING  [codeboarding_pro.analysis_controller:427] Skipping incremental update: full analysis artifacts not ready yet
[stderr] 2026-09-30 21:00:15 INFO     [codeboarding_pro.analysis_controller:259] No cached analysis results; skipping health report
[stderr] 2026-09-30 21:00:25 INFO     [watchfiles.main:308] 1 change detected
[stderr] 2026-09-30 21:00:26 WARNING  [codeboarding_pro.analysis_controller:427] Skipping incremental update: full analysis artifacts not ready yet
[stderr] 2026-09-30 21:00:26 INFO     [codeboarding_pro.analysis_controller:259] No cached analysis results; skipping health report
[stderr] 2026-09-30 21:00:32 INFO     [watchfiles.main:308] 1 change detected
[stderr] 2026-09-30 21:00:33 WARNING  [codeboarding_pro.analysis_controller:427] Skipping incremental update: full analysis artifacts not ready yet
[stderr] 2026-09-30 21:00:33 INFO     [codeboarding_pro.analysis_controller:259] No cached analysis results; skipping health report
[stderr] 2026-09-30 21:00:43 INFO     [watchfiles.main:308] 1 change detected
[stderr] 2026-09-30 21:00:43 WARNING  [codeboarding_pro.analysis_controller:427] Skipping incremental update: full analysis artifacts not ready yet
[stderr] 2026-09-30 21:00:43 INFO     [codeboarding_pro.analysis_controller:259] No cached analysis results; skipping health report
[stderr] 2026-09-30 21:00:51 INFO     [watchfiles.main:308] 1 change detected
[stderr] 2026-09-30 21:00:52 WARNING  [codeboarding_pro.analysis_controller:427] Skipping incremental update: full analysis artifacts not ready yet
[stderr] 2026-09-30 21:00:52 INFO     [codeboarding_pro.analysis_controller:259] No cached analysis results; skipping health report
[stderr] 2026-09-30 21:01:00 INFO     [watchfiles.main:308] 1 change detected
[stderr] 2026-09-30 21:01:00 WARNING  [codeboarding_pro.analysis_controller:427] Skipping incremental update: full analysis artifacts not ready yet
[stderr] 2026-09-30 21:01:00 INFO     [codeboarding_pro.analysis_controller:259] No cached analysis results; skipping health report
[stderr] 2026-09-30 21:01:05 INFO     [watchfiles.main:308] 1 change detected
[stderr] 2026-09-30 21:01:05 WARNING  [codeboarding_pro.analysis_controller:427] Skipping incremental update: full analysis artifacts not ready yet
[stderr] 2026-09-30 21:01:05 INFO     [codeboarding_pro.analysis_controller:259] No cached analysis results; skipping health report
[stderr] 2026-09-30 21:01:17 INFO     [watchfiles.main:308] 1 change detected
[stderr] 2026-09-30 21:01:17 WARNING  [codeboarding_pro.analysis_controller:427] Skipping incremental update: full analysis artifacts not ready yet
[stderr] 2026-09-30 21:01:17 INFO     [codeboarding_pro.analysis_controller:259] No cached analysis results; skipping health report
[stderr] 2026-09-30 21:01:25 INFO     [watchfiles.main:308] 1 change detected
[stderr] 2026-09-30 21:01:25 WARNING  [codeboarding_pro.analysis_controller:427] Skipping incremental update: full analysis artifacts not ready yet
[stderr] 2026-09-30 21:01:25 INFO     [codeboarding_pro.analysis_controller:259] No cached analysis results; skipping health report
[stderr] 2026-09-30 21:01:33 INFO     [watchfiles.main:308] 1 change detected
[stderr] 2026-09-30 21:01:33 WARNING  [codeboarding_pro.analysis_controller:427] Skipping incremental update: full analysis artifacts not ready yet
[stderr] 2026-09-30 21:01:33 INFO     [codeboarding_pro.analysis_controller:259] No cached analysis results; skipping health report
[stderr] 2026-09-30 21:01:40 INFO     [watchfiles.main:308] 1 change detected
[stderr] 2026-09-30 21:01:40 WARNING  [codeboarding_pro.analysis_controller:427] Skipping incremental update: full analysis artifacts not ready yet
[stderr] 2026-09-30 21:01:40 INFO     [codeboarding_pro.analysis_controller:259] No cached analysis results; skipping health report
[stderr] 2026-09-30 21:10:58 INFO     [watchfiles.main:308] 1 change detected
[stderr] 2026-09-30 21:10:58 WARNING  [codeboarding_pro.analysis_controller:427] Skipping incremental update: full analysis artifacts not ready yet
[stderr] 2026-09-30 21:10:58 INFO     [codeboarding_pro.analysis_controller:259] No cached analysis results; skipping health report
[stderr] 2026-09-30 21:11:03 INFO     [watchfiles.main:308] 1 change detected
[stderr] 2026-09-30 21:11:04 WARNING  [codeboarding_pro.analysis_controller:427] Skipping incremental update: full analysis artifacts not ready yet
[stderr] 2026-09-30 21:11:04 INFO     [codeboarding_pro.analysis_controller:259] No cached analysis results; skipping health report
[stderr] 2026-09-30 21:11:08 INFO     [watchfiles.main:308] 1 change detected
[stderr] 2026-09-30 21:11:09 WARNING  [codeboarding_pro.analysis_controller:427] Skipping incremental update: full analysis artifacts not ready yet
[stderr] 2026-09-30 21:11:09 INFO     [codeboarding_pro.analysis_controller:259] No cached analysis results; skipping health report
[stderr] 2026-09-30 21:11:20 INFO     [watchfiles.main:308] 1 change detected
[stderr] 2026-09-30 21:11:21 WARNING  [codeboarding_pro.analysis_controller:427] Skipping incremental update: full analysis artifacts not ready yet
[stderr] 2026-09-30 21:11:21 INFO     [codeboarding_pro.analysis_controller:259] No cached analysis results; skipping health report
[stderr] 2026-09-30 21:12:41 INFO     [watchfiles.main:308] 1 change detected
[stderr] 2026-09-30 21:12:41 WARNING  [codeboarding_pro.analysis_controller:427] Skipping incremental update: full analysis artifacts not ready yet
[stderr] 2026-09-30 21:12:41 INFO     [codeboarding_pro.analysis_controller:259] No cached analysis results; skipping health report
[stderr] 2026-09-30 21:13:02 INFO     [watchfiles.main:308] 1 change detected
[stderr] 2026-09-30 21:13:03 WARNING  [codeboarding_pro.analysis_controller:427] Skipping incremental update: full analysis artifacts not ready yet
[stderr] 2026-09-30 21:13:03 INFO     [codeboarding_pro.analysis_controller:259] No cached analysis results; skipping health report
[stderr] 2026-09-30 21:16:19 INFO     [watchfiles.main:308] 12 changes detected
[stderr] 2026-09-30 21:16:19 WARNING  [codeboarding_pro.analysis_controller:427] Skipping incremental update: full analysis artifacts not ready yet
[stderr] 2026-09-30 21:16:19 INFO     [codeboarding_pro.analysis_controller:259] No cached analysis results; skipping health report
[stderr] 2026-09-30 21:17:06 INFO     [watchfiles.main:308] 1 change detected
[stderr] 2026-09-30 21:17:06 WARNING  [codeboarding_pro.analysis_controller:427] Skipping incremental update: full analysis artifacts not ready yet
[stderr] 2026-09-30 21:17:06 INFO     [codeboarding_pro.analysis_controller:259] No cached analysis results; skipping health report
[stderr] 2026-09-30 21:17:31 INFO     [watchfiles.main:308] 1 change detected
[stderr] 2026-09-30 21:17:32 WARNING  [codeboarding_pro.analysis_controller:427] Skipping incremental update: full analysis artifacts not ready yet
[stderr] 2026-09-30 21:17:32 INFO     [codeboarding_pro.analysis_controller:259] No cached analysis results; skipping health report
